src/features/strategic/components/NoteEditor/CustomTaskItem.ts(11,22): error TS2307: Cannot find module '@tiptap/extension-task-item' or its corresponding type declarations.
src/features/strategic/components/NoteEditor/CustomTaskItem.ts(12,39): error TS2307: Cannot find module '@tiptap/react' or its corresponding type declarations.
src/features/strategic/components/NoteEditor/EditorBubbleMenu.tsx(14,24): error TS2307: Cannot find module '@tiptap/react' or its corresponding type declarations.
src/features/strategic/components/NoteEditor/EditorContextMenu.tsx(14,24): error TS2307: Cannot find module '@tiptap/react' or its corresponding type declarations.
src/features/strategic/components/NoteEditor/NoteEditor.tsx(24,42): error TS2307: Cannot find module '@tiptap/react' or its corresponding type declarations.
src/features/strategic/components/NoteEditor/NoteEditor.tsx(25,24): error TS2307: Cannot find module '@tiptap/starter-kit' or its corresponding type declarations.
src/features/strategic/components/NoteEditor/NoteEditor.tsx(26,22): error TS2307: Cannot find module '@tiptap/extension-task-list' or its corresponding type declarations.
src/features/strategic/components/NoteEditor/NoteEditor.tsx(27,25): error TS2307: Cannot find module '@tiptap/extension-placeholder' or its corresponding type declarations.
src/features/strategic/components/NoteEditor/NoteEditor.tsx(28,24): error TS2307: Cannot find module '@tiptap/extension-typography' or its corresponding type declarations.
src/features/strategic/components/NoteEditor/NoteEditor.tsx(29,23): error TS2307: Cannot find module '@tiptap/extension-underline' or its corresponding type declarations.
src/features/strategic/components/NoteEditor/NoteEditor.tsx(86,22): error TS7031: Binding element 'editor' implicitly has an 'any' type.
src/features/strategic/components/NoteEditor/TaskItemView.tsx(11,65): error TS2307: Cannot find module '@tiptap/react' or its corresponding type declarations.
