src/features/crm/services/LeadService.ts(362,87): error TS2322: Type 'string | null' is not assignable to type 'string'.
  Type 'null' is not assignable to type 'string'.
